Eseguendo: ./genPhotons4 -o ../DataThesis/uniform/po_uni_10e -f /lustre/cmsdata/optCalData/pion/pion_1.root -v 1 -e 10 -po -r 3
Reading matrices...
Timing and solid angle matrices computed.

---------------------------------------

Analyzing file /lustre/cmsdata/optCalData/pion/pion_1.root:
	Processing event 0...
CREATED SHIFT
	Processing event 1...
CREATED SHIFT
	Processing event 2...
CREATED SHIFT
	Processing event 3...
CREATED SHIFT
	Processing event 4...
CREATED SHIFT
	Processing event 5...
CREATED SHIFT
	Processing event 6...
CREATED SHIFT
	Processing event 7...
CREATED SHIFT
	Processing event 8...
CREATED SHIFT
	Processing event 9...
CREATED SHIFT
	Processing event 10...
CREATED SHIFT
	Processing event 11...
CREATED SHIFT
	Processing event 12...
CREATED SHIFT
	Processing event 13...
CREATED SHIFT
	Processing event 14...
CREATED SHIFT
	Processing event 15...
CREATED SHIFT
	Processing event 16...
CREATED SHIFT
	Processing event 17...
CREATED SHIFT
	Processing event 18...
CREATED SHIFT
	Processing event 19...
CREATED SHIFT
	Processing event 20...
CREATED SHIFT
	Processing event 21...
CREATED SHIFT
	Processing event 22...
CREATED SHIFT
	Processing event 23...
CREATED SHIFT
	Processing event 24...
CREATED SHIFT
	Processing event 25...
CREATED SHIFT
	Processing event 26...
CREATED SHIFT
	Processing event 27...
CREATED SHIFT
	Processing event 28...
CREATED SHIFT
	Processing event 29...
CREATED SHIFT
	Processing event 30...
CREATED SHIFT
	Processing event 31...
CREATED SHIFT
	Processing event 32...
CREATED SHIFT
	Processing event 33...
CREATED SHIFT
	Processing event 34...
CREATED SHIFT
	Processing event 35...
CREATED SHIFT
	Processing event 36...
CREATED SHIFT
	Processing event 37...
CREATED SHIFT
	Processing event 38...
CREATED SHIFT
	Processing event 39...
CREATED SHIFT
	Processing event 40...
CREATED SHIFT
	Processing event 41...
CREATED SHIFT
	Processing event 42...
CREATED SHIFT
	Processing event 43...
CREATED SHIFT
	Processing event 44...
CREATED SHIFT
	Processing event 45...
CREATED SHIFT
	Processing event 46...
CREATED SHIFT
	Processing event 47...
CREATED SHIFT
	Processing event 48...
CREATED SHIFT
	Processing event 49...
CREATED SHIFT
	Processing event 50...
CREATED SHIFT
	Processing event 51...
CREATED SHIFT
	Processing event 52...
CREATED SHIFT
	Processing event 53...
CREATED SHIFT
	Processing event 54...
CREATED SHIFT
	Processing event 55...
CREATED SHIFT
	Processing event 56...
CREATED SHIFT
	Processing event 57...
CREATED SHIFT
	Processing event 58...
CREATED SHIFT
	Processing event 59...
CREATED SHIFT
	Processing event 60...
CREATED SHIFT
	Processing event 61...
CREATED SHIFT
	Processing event 62...
CREATED SHIFT
	Processing event 63...
CREATED SHIFT
	Processing event 64...
CREATED SHIFT
	Processing event 65...
CREATED SHIFT
	Processing event 66...
CREATED SHIFT
	Processing event 67...
CREATED SHIFT
	Processing event 68...
CREATED SHIFT
	Processing event 69...
CREATED SHIFT
	Processing event 70...
CREATED SHIFT
	Processing event 71...
CREATED SHIFT
	Processing event 72...
CREATED SHIFT
	Processing event 73...
CREATED SHIFT
	Processing event 74...
CREATED SHIFT
	Processing event 75...
CREATED SHIFT
	Processing event 76...
CREATED SHIFT
	Processing event 77...
CREATED SHIFT
	Processing event 78...
CREATED SHIFT
	Processing event 79...
CREATED SHIFT
	Processing event 80...
CREATED SHIFT
	Processing event 81...
CREATED SHIFT
	Processing event 82...
CREATED SHIFT
	Processing event 83...
CREATED SHIFT
	Processing event 84...
CREATED SHIFT
	Processing event 85...
CREATED SHIFT
	Processing event 86...
CREATED SHIFT
	Processing event 87...
CREATED SHIFT
	Processing event 88...
CREATED SHIFT
	Processing event 89...
CREATED SHIFT
	Processing event 90...
CREATED SHIFT
	Processing event 91...
CREATED SHIFT
	Processing event 92...
CREATED SHIFT
	Processing event 93...
CREATED SHIFT
	Processing event 94...
CREATED SHIFT
	Processing event 95...
CREATED SHIFT
	Processing event 96...
CREATED SHIFT
	Processing event 97...
CREATED SHIFT
	Processing event 98...
CREATED SHIFT
	Processing event 99...
CREATED SHIFT
	Processing event 100...
CREATED SHIFT
	Processing event 101...
CREATED SHIFT
	Processing event 102...
CREATED SHIFT
	Processing event 103...
CREATED SHIFT
	Processing event 104...
CREATED SHIFT
	Processing event 105...
CREATED SHIFT
	Processing event 106...
CREATED SHIFT
	Processing event 107...
CREATED SHIFT
	Processing event 108...
CREATED SHIFT
	Processing event 109...
CREATED SHIFT
	Processing event 110...
CREATED SHIFT
	Processing event 111...
CREATED SHIFT
	Processing event 112...
CREATED SHIFT
	Processing event 113...
CREATED SHIFT
	Processing event 114...
CREATED SHIFT
	Processing event 115...
CREATED SHIFT
	Processing event 116...
CREATED SHIFT
	Processing event 117...
CREATED SHIFT
	Processing event 118...
CREATED SHIFT
	Processing event 119...
CREATED SHIFT
	Processing event 120...
CREATED SHIFT
	Processing event 121...
CREATED SHIFT
	Processing event 122...
CREATED SHIFT
	Processing event 123...
CREATED SHIFT
	Processing event 124...
CREATED SHIFT
	Processing event 125...
CREATED SHIFT
	Processing event 126...
CREATED SHIFT
	Processing event 127...
CREATED SHIFT
	Processing event 128...
CREATED SHIFT
	Processing event 129...
CREATED SHIFT
	Processing event 130...
CREATED SHIFT
	Processing event 131...
CREATED SHIFT
	Processing event 132...
CREATED SHIFT
	Processing event 133...
CREATED SHIFT
	Processing event 134...
CREATED SHIFT
	Processing event 135...
CREATED SHIFT
	Processing event 136...
CREATED SHIFT
	Processing event 137...
CREATED SHIFT
	Processing event 138...
CREATED SHIFT
	Processing event 139...
CREATED SHIFT
	Processing event 140...
CREATED SHIFT
	Processing event 141...
CREATED SHIFT
	Processing event 142...
CREATED SHIFT
	Processing event 143...
CREATED SHIFT
	Processing event 144...
CREATED SHIFT
	Processing event 145...
CREATED SHIFT
	Processing event 146...
CREATED SHIFT
	Processing event 147...
CREATED SHIFT
	Processing event 148...
CREATED SHIFT
	Processing event 149...
CREATED SHIFT
	Processing event 150...
CREATED SHIFT
	Processing event 151...
CREATED SHIFT
	Processing event 152...
CREATED SHIFT
	Processing event 153...
CREATED SHIFT
	Processing event 154...
CREATED SHIFT
	Processing event 155...
CREATED SHIFT
	Processing event 156...
CREATED SHIFT
	Processing event 157...
CREATED SHIFT
	Processing event 158...
CREATED SHIFT
	Processing event 159...
CREATED SHIFT
	Processing event 160...
CREATED SHIFT
	Processing event 161...
CREATED SHIFT
	Processing event 162...
CREATED SHIFT
	Processing event 163...
CREATED SHIFT
	Processing event 164...
CREATED SHIFT
	Processing event 165...
CREATED SHIFT
	Processing event 166...
CREATED SHIFT
	Processing event 167...
CREATED SHIFT
	Processing event 168...
CREATED SHIFT
	Processing event 169...
CREATED SHIFT
	Processing event 170...
CREATED SHIFT
	Processing event 171...
CREATED SHIFT
	Processing event 172...
CREATED SHIFT
	Processing event 173...
CREATED SHIFT
	Processing event 174...
CREATED SHIFT
	Processing event 175...
CREATED SHIFT
	Processing event 176...
CREATED SHIFT
	Processing event 177...
CREATED SHIFT
	Processing event 178...
CREATED SHIFT
	Processing event 179...
CREATED SHIFT
	Processing event 180...
CREATED SHIFT
	Processing event 181...
CREATED SHIFT
	Processing event 182...
CREATED SHIFT
	Processing event 183...
CREATED SHIFT
	Processing event 184...
CREATED SHIFT
	Processing event 185...
CREATED SHIFT
	Processing event 186...
CREATED SHIFT
	Processing event 187...
CREATED SHIFT
	Processing event 188...
CREATED SHIFT
	Processing event 189...
CREATED SHIFT
	Processing event 190...
CREATED SHIFT
	Processing event 191...
CREATED SHIFT
	Processing event 192...
CREATED SHIFT
	Processing event 193...
CREATED SHIFT
	Processing event 194...
CREATED SHIFT
	Processing event 195...
CREATED SHIFT
	Processing event 196...
CREATED SHIFT
	Processing event 197...
CREATED SHIFT
	Processing event 198...
CREATED SHIFT
	Processing event 199...
CREATED SHIFT
	Processing event 200...
CREATED SHIFT
	Processing event 201...
CREATED SHIFT
	Processing event 202...
CREATED SHIFT
	Processing event 203...
CREATED SHIFT
	Processing event 204...
CREATED SHIFT
	Processing event 205...
CREATED SHIFT
	Processing event 206...
CREATED SHIFT
	Processing event 207...
CREATED SHIFT
	Processing event 208...
CREATED SHIFT
	Processing event 209...
CREATED SHIFT
	Processing event 210...
CREATED SHIFT
	Processing event 211...
CREATED SHIFT
	Processing event 212...
CREATED SHIFT
	Processing event 213...
CREATED SHIFT
	Processing event 214...
CREATED SHIFT
	Processing event 215...
CREATED SHIFT
	Processing event 216...
CREATED SHIFT
	Processing event 217...
CREATED SHIFT
	Processing event 218...
CREATED SHIFT
	Processing event 219...
CREATED SHIFT
	Processing event 220...
CREATED SHIFT
	Processing event 221...
CREATED SHIFT
	Processing event 222...
CREATED SHIFT
	Processing event 223...
CREATED SHIFT
	Processing event 224...
CREATED SHIFT
	Processing event 225...
CREATED SHIFT
	Processing event 226...
CREATED SHIFT
	Processing event 227...
CREATED SHIFT
	Processing event 228...
CREATED SHIFT
	Processing event 229...
CREATED SHIFT
	Processing event 230...
CREATED SHIFT
	Processing event 231...
CREATED SHIFT
	Processing event 232...
CREATED SHIFT
	Processing event 233...
CREATED SHIFT
	Processing event 234...
CREATED SHIFT
	Processing event 235...
CREATED SHIFT
	Processing event 236...
CREATED SHIFT
	Processing event 237...
CREATED SHIFT
	Processing event 238...
CREATED SHIFT
	Processing event 239...
CREATED SHIFT
	Processing event 240...
CREATED SHIFT
	Processing event 241...
CREATED SHIFT
	Processing event 242...
CREATED SHIFT
	Processing event 243...
CREATED SHIFT
	Processing event 244...
CREATED SHIFT
	Processing event 245...
CREATED SHIFT
	Processing event 246...
CREATED SHIFT
	Processing event 247...
CREATED SHIFT
	Processing event 248...
CREATED SHIFT
	Processing event 249...
CREATED SHIFT
	Processing event 250...
CREATED SHIFT
	Processing event 251...
CREATED SHIFT
	Processing event 252...
CREATED SHIFT
	Processing event 253...
CREATED SHIFT
	Processing event 254...
CREATED SHIFT
	Processing event 255...
CREATED SHIFT
	Processing event 256...
CREATED SHIFT
	Processing event 257...
CREATED SHIFT
	Processing event 258...
CREATED SHIFT
	Processing event 259...
CREATED SHIFT
	Processing event 260...
CREATED SHIFT
	Processing event 261...
CREATED SHIFT
	Processing event 262...
CREATED SHIFT
	Processing event 263...
CREATED SHIFT
	Processing event 264...
CREATED SHIFT
	Processing event 265...
CREATED SHIFT
	Processing event 266...
CREATED SHIFT
	Processing event 267...
CREATED SHIFT
	Processing event 268...
CREATED SHIFT
	Processing event 269...
CREATED SHIFT
	Processing event 270...
CREATED SHIFT
	Processing event 271...
CREATED SHIFT
	Processing event 272...
CREATED SHIFT
	Processing event 273...
CREATED SHIFT
	Processing event 274...
CREATED SHIFT
	Processing event 275...
CREATED SHIFT
	Processing event 276...
CREATED SHIFT
	Processing event 277...
CREATED SHIFT
	Processing event 278...
CREATED SHIFT
	Processing event 279...
CREATED SHIFT
	Processing event 280...
CREATED SHIFT
	Processing event 281...
CREATED SHIFT
	Processing event 282...
CREATED SHIFT
	Processing event 283...
CREATED SHIFT
	Processing event 284...
CREATED SHIFT
	Processing event 285...
CREATED SHIFT
	Processing event 286...
CREATED SHIFT
	Processing event 287...
CREATED SHIFT
	Processing event 288...
CREATED SHIFT
	Processing event 289...
CREATED SHIFT
	Processing event 290...
CREATED SHIFT
	Processing event 291...
CREATED SHIFT
	Processing event 292...
CREATED SHIFT
	Processing event 293...
CREATED SHIFT
	Processing event 294...
CREATED SHIFT
	Processing event 295...
CREATED SHIFT
	Processing event 296...
CREATED SHIFT
	Processing event 297...
CREATED SHIFT
	Processing event 298...
CREATED SHIFT
	Processing event 299...
CREATED SHIFT
	Processing event 300...
CREATED SHIFT
	Processing event 301...
CREATED SHIFT
	Processing event 302...
CREATED SHIFT
	Processing event 303...
CREATED SHIFT
	Processing event 304...
CREATED SHIFT
	Processing event 305...
CREATED SHIFT
	Processing event 306...
CREATED SHIFT
	Processing event 307...
CREATED SHIFT
	Processing event 308...
CREATED SHIFT
	Processing event 309...
CREATED SHIFT
	Processing event 310...
CREATED SHIFT
	Processing event 311...
CREATED SHIFT
	Processing event 312...
CREATED SHIFT
	Processing event 313...
CREATED SHIFT
	Processing event 314...
CREATED SHIFT
	Processing event 315...
CREATED SHIFT
	Processing event 316...
CREATED SHIFT
	Processing event 317...
CREATED SHIFT
	Processing event 318...
CREATED SHIFT
	Processing event 319...
CREATED SHIFT
	Processing event 320...
CREATED SHIFT
	Processing event 321...
CREATED SHIFT
	Processing event 322...
CREATED SHIFT
	Processing event 323...
CREATED SHIFT
	Processing event 324...
CREATED SHIFT
	Processing event 325...
CREATED SHIFT
	Processing event 326...
CREATED SHIFT
	Processing event 327...
CREATED SHIFT
	Processing event 328...
CREATED SHIFT
	Processing event 329...
CREATED SHIFT
	Processing event 330...
CREATED SHIFT
	Processing event 331...
CREATED SHIFT
	Processing event 332...
CREATED SHIFT
	Processing event 333...
CREATED SHIFT
	Processing event 334...
CREATED SHIFT
	Processing event 335...
CREATED SHIFT
	Processing event 336...
CREATED SHIFT
	Processing event 337...
CREATED SHIFT
	Processing event 338...
CREATED SHIFT
	Processing event 339...
CREATED SHIFT
	Processing event 340...
CREATED SHIFT
	Processing event 341...
CREATED SHIFT
	Processing event 342...
CREATED SHIFT
	Processing event 343...
CREATED SHIFT
	Processing event 344...
CREATED SHIFT
	Processing event 345...
CREATED SHIFT
	Processing event 346...
CREATED SHIFT
	Processing event 347...
CREATED SHIFT
	Processing event 348...
CREATED SHIFT

real	36m36.609s
user	36m30.775s
sys	0m2.680s
